#
# A fatal error has been detected by the Java Runtime Environment:
#
#  EXCEPTION_ACCESS_VIOLATION (0xc0000005) at pc=0x00007ffaf6c8101a, pid=27180, tid=1868
#
# JRE version: OpenJDK Runtime Environment Zulu25.32+21-CA (25.0.2+10) (build 25.0.2+10-LTS)
# Java VM: OpenJDK 64-Bit Server VM Zulu25.32+21-CA (25.0.2+10-LTS, mixed mode, sharing, tiered, compressed oops, compressed class ptrs, g1 gc, windows-amd64)
# Problematic frame:
# C  [subterra_density.dll+0x101a]
#
# No core dump will be written. Minidumps are not enabled by default on client versions of Windows
#
# If you would like to submit a bug report, please visit:
#   http://www.azul.com/support/
# The crash happened outside the Java Virtual Machine in native code.
# See problematic frame for where to report the bug.
#

---------------  S U M M A R Y ------------

Command Line: -Dsubterra.tie.lib=F:\Projects\Toterra-Repo\Subterra\subterra-engine\src\main\resources\tie\subterra_density.dll --enable-native-access=ALL-UNNAMED -Dfile.encoding=UTF-8 -Duser.country=CN -Duser.language=zh -Duser.variant io.toterra.subterra.probes.TempBridgeScan

Host: 12th Gen Intel(R) Core(TM) i5-12490F, 12 cores, 31G,  Windows 11 , 64 bit Build 26100 (10.0.26100.9472)
Time: Thu Sep 17 13:39:16 2026 elapsed time: 0.126079 seconds (0d 0h 0m 0s)

---------------  T H R E A D  ---------------

Current thread (0x0000000000614d30):  JavaThread "main"             [_thread_in_native, id=1868, stack(0x0000000002720000,0x0000000002820000) (1024K)]

Stack: [0x0000000002720000,0x0000000002820000],  sp=0x000000000281ec40,  free space=1019k
Native frames: (J=compiled Java code, j=interpreted, Vv=VM code, C=native code)
C  [subterra_density.dll+0x101a]  (no source info available)
C  [subterra_density.dll+0x45bf]  (no source info available)
C  [subterra_density.dll+0x70b4]  (no source info available)
C  [subterra_density.dll+0xa0e8]  (no source info available)
C  0x00000000132ec227  (no source info available)

The last pc belongs to nep_invoker_blob (printed below).
Java frames: (J=compiled Java code, j=interpreted, Vv=VM code)
v  ~RuntimeStub::nep_invoker_blob 0x00000000132ec1e8
j  java.lang.invoke.LambdaForm$MH+0x000000009f047400.invoke(Ljava/lang/Object;JJJJJ)D+16 java.base@25.0.2
j  java.lang.invoke.LambdaForm$MH+0x000000009f057c00.invokeExact_MT(Ljava/lang/Object;JJJJJLjava/lang/Object;)D+27 java.base@25.0.2
j  jdk.internal.foreign.abi.DowncallStub+0x000000009f048400.invoke(Ljava/lang/foreign/SegmentAllocator;Ljava/lang/foreign/MemorySegment;JJJJ)D+64 java.base@25.0.2
j  java.lang.invoke.LambdaForm$DMH+0x000000009f048c00.invokeStaticInit(Ljava/lang/Object;Ljava/lang/Object;Ljava/lang/Object;JJJJ)D+20 java.base@25.0.2
j  java.lang.invoke.LambdaForm$MH+0x000000009f04a400.invoke(Ljava/lang/Object;JJJJ)D+54 java.base@25.0.2
j  java.lang.invoke.LambdaForm$MH+0x000000009f057400.invokeExact_MT(Ljava/lang/Object;JJJJLjava/lang/Object;)D+25 java.base@25.0.2
j  io.toterra.subterra.engine.worldgen.tie.TieTerrainDensityBridge.invoke(JJJJ)D+10
j  io.toterra.subterra.engine.worldgen.tie.TieTerrainDensityBridge.load()Lio/toterra/subterra/engine/worldgen/tie/TieTerrainDensityBridge;+155
j  io.toterra.subterra.probes.TempBridgeScan.main([Ljava/lang/String;)V+0
v  ~StubRoutines::call_stub 0x00000000131a12ed

siginfo: EXCEPTION_ACCESS_VIOLATION (0xc0000005), reading address 0x0000000000000008


Registers:
RAX=0x0000000000000000, RBX=0x0000000029154068, RCX=0x00007ffaf6c9fcb8, RDX=0x0baf54e51ca00000
RSP=0x000000000281ec40, RBP=0x000000000281f250, RSI=0x000000000000002a, RDI=0x0000000000000000
R8 =0xdd6f30befec97ffd, R9 =0x6a09e667f3bcc909, R10=0x00000000000000b0, R11=0x000000000000002d
R12=0x0000000000000000, R13=0x000000000281f268, R14=0x000000000281f370, R15=0x0000000000614d30
RIP=0x00007ffaf6c8101a, EFLAGS=0x0000000000010202

XMM[0]=0x5d4520bed6c96db9 0x5d4520bed6c96db9
XMM[1]=0x5d4520bed6c96db9 0xd86e1008eac15bc5
XMM[2]=0x0000000000000000 0x0000000000000000
XMM[3]=0x5d4520bed6c96db9 0xd86e1008eac15bc5
XMM[4]=0x0000000000000000 0x000000002d000000
XMM[5]=0x0000000000000000 0x000000000000002d
XMM[6]=0x501512af1fce15f9 0xe14fd9ee7c97227f
XMM[7]=0xcee5ee4c0e1d77a5 0xb76c25743b68cd3d
XMM[8]=0x060e196ea586143f 0x5120ff6c12573cf1
XMM[9]=0x31d6c0c431d6c0c4 0x31d6c0c4abf9412a
XMM[10]=0x0000000000000000 0x000000007a228066
XMM[11]=0x0f3bf6a50f3bf6a5 0x0f3bf6a5bb3537cf
XMM[12]=0x0000000000000000 0x00000000abf9412a
XMM[13]=0x0000000000000000 0x0000000000000000
XMM[14]=0x0000000000000000 0x0000000000000000
XMM[15]=0x0000000000000000 0x0000000000000000
  MXCSR=0x00001fa0


Register to memory mapping:

RAX=0x0 is null
RBX={method} {0x0000000029154070} 'linkToNative' '(JJJJJLjava/lang/Object;)D' in 'java/lang/invoke/MethodHandle'
RCX=0x00007ffaf6c9fcb8 subterra_density.dll
RDX=0x0baf54e51ca00000 is an unknown value
RSP=0x000000000281ec40 is pointing into the stack for thread: 0x0000000000614d30
RBP=0x000000000281f250 is pointing into the stack for thread: 0x0000000000614d30
RSI=0x000000000000002a is an unknown value
RDI=0x0 is null
R8 =0xdd6f30befec97ffd is an unknown value
R9 =0x6a09e667f3bcc909 is an unknown value
R10=0x00000000000000b0 is an unknown value
R11=0x000000000000002d is an unknown value
R12=0x0 is null
R13=0x000000000281f268 is pointing into the stack for thread: 0x0000000000614d30
R14=0x000000000281f370 is pointing into the stack for thread: 0x0000000000614d30
R15=0x0000000000614d30 is a thread

Top of Stack: (sp=0x000000000281ec40)
0x000000000281ec40:   0000000000000000 00000000005bc400   ..........[.....
0x000000000281ec50:   00000000005b0150 000000002d9af2f0   P.[........-....
0x000000000281ec60:   000000002d672ab0 00000000005b0000   .*g-......[.....
0x000000000281ec70:   000000002d9a00b0 00007ffb6f7c97b9   ...-......|o....
0x000000000281ec80:   0000000000000000 0000000000000000   ................
0x000000000281ec90:   000000002d995f30 0000000000000000   0_.-............
0x000000000281eca0:   00000000000003ff 0000000000000a18   ................
0x000000000281ecb0:   0000000000000001 000000007ffe0380   ................
0x000000000281ecc0:   0000000000000001 000000007ffe0380   ................
0x000000000281ecd0:   000000002d9a00b8 00000000005b0000   ...-......[.....
0x000000000281ece0:   000000000281f250 00007ffb6f7f7d68   P.......h}.o....
0x000000000281ecf0:   0000000000000000 000000002d995f30   ........0_.-....
0x000000000281ed00:   000000000000193b 000000002d995f30   ;.......0_.-....
0x000000000281ed10:   0000000000000000 0000000000016b38   ........8k......
0x000000000281ed20:   0000000000000000 000000000281f370   ........p.......
0x000000000281ed30:   0000000002810101 00000000005b0000   ..........[.....
0x000000000281ed40:   0000000000000001 000000000000193b   ........;.......
0x000000000281ed50:   0000000000000003 0000000000000000   ................
0x000000000281ed60:   0000000029414830 0000000029414830   0HA)....0HA)....
0x000000000281ed70:   00000000000000b8 000000004c000448   ........H..L....
0x000000000281ed80:   0000000000000000 0000000000000000   ................
0x000000000281ed90:   0000000000000000 00000000005b0000   ..........[.....
0x000000000281eda0:   0000000000000000 0000000000000000   ................
0x000000000281edb0:   000000002d9a00c0 00007ffb6f7e78b0   ...-.....x~o....
0x000000000281edc0:   00000000005b0000 0000000029154068   ..[.....h@.)....
0x000000000281edd0:   0000000000000000 000000002d9a00b0   ...........-....
0x000000000281ede0:   0000000000614d00 00007ffa00000000   .Ma.............
0x000000000281edf0:   0000000000000000 00007ffaf6c845bf   .........E......
0x000000000281ee00:   0000000000614d30 00007ffab51ca30a   0Ma.............
0x000000000281ee10:   00000000000000b8 0000000000000050   ........P.......
0x000000000281ee20:   00000000000000b8 0000000000430cc0   ..........C.....
0x000000000281ee30:   00000000fffffffe 0000000000000000   ................

Instructions: (pc=0x00007ffaf6c8101a)
  0x00007ffaf6c80f1a:   00 00 00 00 00 00 00 00 00 00 00 00 00 00 00 00
  0x00007ffaf6c80f2a:   00 00 00 00 00 00 00 00 00 00 00 00 00 00 00 00
  0x00007ffaf6c80f3a:   00 00 00 00 00 00 00 00 00 00 00 00 00 00 00 00
  0x00007ffaf6c80f4a:   00 00 00 00 00 00 00 00 00 00 00 00 00 00 00 00
  0x00007ffaf6c80f5a:   00 00 00 00 00 00 00 00 00 00 00 00 00 00 00 00
  0x00007ffaf6c80f6a:   00 00 00 00 00 00 00 00 00 00 00 00 00 00 00 00
  0x00007ffaf6c80f7a:   00 00 00 00 00 00 00 00 00 00 00 00 00 00 00 00
  0x00007ffaf6c80f8a:   00 00 00 00 00 00 00 00 00 00 00 00 00 00 00 00
  0x00007ffaf6c80f9a:   00 00 00 00 00 00 00 00 00 00 00 00 00 00 00 00
  0x00007ffaf6c80faa:   00 00 00 00 00 00 00 00 00 00 00 00 00 00 00 00
  0x00007ffaf6c80fba:   00 00 00 00 00 00 00 00 00 00 00 00 00 00 00 00
  0x00007ffaf6c80fca:   00 00 00 00 00 00 00 00 00 00 00 00 00 00 00 00
  0x00007ffaf6c80fda:   00 00 00 00 00 00 00 00 00 00 00 00 00 00 00 00
  0x00007ffaf6c80fea:   00 00 00 00 00 00 00 00 00 00 00 00 00 00 00 00
  0x00007ffaf6c80ffa:   00 00 00 00 00 00 48 81 ec b8 01 00 00 48 c7 84
  0x00007ffaf6c8100a:   24 b0 01 00 00 00 00 00 00 48 8b 05 46 9b 02 00
=>0x00007ffaf6c8101a:   48 83 78 08 00 7e 08 48 81 c4 b8 01 00 00 c3 f0
  0x00007ffaf6c8102a:   48 81 05 6b 9b 06 00 a9 00 00 00 f0 48 ff 05 6b
  0x00007ffaf6c8103a:   9b 06 00 b9 a9 00 00 00 e8 d9 31 01 00 48 89 84
  0x00007ffaf6c8104a:   24 78 01 00 00 48 89 c1 48 89 8c 24 80 01 00 00
  0x00007ffaf6c8105a:   48 c7 00 80 00 00 00 48 89 c1 48 83 c1 08 48 89
  0x00007ffaf6c8106a:   8c 24 88 01 00 00 0f 10 05 a1 e5 01 00 0f 11 40
  0x00007ffaf6c8107a:   38 0f 10 05 86 e5 01 00 0f 11 40 28 0f 10 05 6b
  0x00007ffaf6c8108a:   e5 01 00 0f 11 40 18 0f 10 05 50 e5 01 00 0f 11
  0x00007ffaf6c8109a:   40 08 0f 10 05 e5 e5 01 00 0f 11 40 78 0f 10 05
  0x00007ffaf6c810aa:   ca e5 01 00 0f 11 40 68 0f 10 05 af e5 01 00 0f
  0x00007ffaf6c810ba:   11 40 58 0f 10 05 94 e5 01 00 0f 11 40 48 c6 80
  0x00007ffaf6c810ca:   88 00 00 00 00 e8 cc cf 01 00 48 89 c2 48 89 d0
  0x00007ffaf6c810da:   48 89 84 24 90 01 00 00 48 89 d0 48 83 c0 40 48
  0x00007ffaf6c810ea:   89 84 24 98 01 00 00 48 83 e8 20 0f 9c c0 48 83
  0x00007ffaf6c810fa:   c2 69 48 89 94 24 a0 01 00 00 48 89 d1 f0 48 0f
  0x00007ffaf6c8110a:   c1 0d 90 9a 06 00 48 89 8c 24 a8 01 00 00 48 01


Stack slot to memory mapping:

stack at sp + 0 slots: 0x0 is null
stack at sp + 1 slots: 0x00000000005bc400 points into unknown readable memory: 0x0000000000000000 | 00 00 00 00 00 00 00 00
stack at sp + 2 slots: 0x00000000005b0150 points into unknown readable memory: 0x000000002d86f1b0 | b0 f1 86 2d 00 00 00 00
stack at sp + 3 slots: 0x000000002d9af2f0 points into unknown readable memory: 0x0000000000000000 | 00 00 00 00 00 00 00 00
stack at sp + 4 slots: 0x000000002d672ab0 points into unknown readable memory: 0x0000000000430008 | 08 00 43 00 00 00 00 00
stack at sp + 5 slots: 0x00000000005b0000 points into unknown readable memory: 0x0000000000000000 | 00 00 00 00 00 00 00 00
stack at sp + 6 slots: 0x000000002d9a00b0 points into unknown readable memory: 0x0000000000000000 | 00 00 00 00 00 00 00 00
stack at sp + 7 slots: 0x00007ffb6f7c97b9 ntdll.dll

Lock stack of current Java thread (top to bottom):

--------------------------------------------------------------------------------
Decoding CodeBlob, name: nep_invoker_blob, at  [0x00000000132ec1e0, 0x00000000132ec2f0]  272 bytes
[MachCode]
  0x00000000132ec1e0: 5548 8bec | 4883 ec20 | c5f8 7749 | 89af 4004 | 0000 49ba | e8c1 2e13 | 0000 0000 | 4d89 9738 
  0x00000000132ec200: 0400 0049 | 89a7 3004 | 0000 41c7 | 87dc 0400 | 0004 0000 | 004c 8bd2 | 498b d14c | 8bce 498b 
  0x00000000132ec220: c84c 8bc7 | 41ff d2c5 | f877 41c7 | 87dc 0400 | 0005 0000 | 00f0 8344 | 24c0 0049 | 3b6f 280f 
  0x00000000132ec240: 874d 0000 | 0041 83bf | d804 0000 | 000f 853f | 0000 0041 | c787 dc04 | 0000 0800 | 0000 4183 
  0x00000000132ec260: bf58 0500 | 0002 0f84 | 5500 0000 | 49c7 8730 | 0400 0000 | 0000 0049 | c787 4004 | 0000 0000 
  0x00000000132ec280: 0000 49c7 | 8738 0400 | 0000 0000 | 00c5 f877 | c9c3 c5fa | 7f04 2449 | 8bcf c5f8 | 774c 8be4 
  0x00000000132ec2a0: 4883 ec20 | 4883 e4f0 | 48b8 50cc | 35b5 fa7f | 0000 ffd0 | 498b e44d | 33e4 c5fa | 6f04 24eb 
  0x00000000132ec2c0: 92c5 fa7f | 0424 c5f8 | 774c 8be4 | 4883 ec20 | 4883 e4f0 | 48b8 6033 | 6fb5 fa7f | 0000 ffd0 
  0x00000000132ec2e0: 498b e44d | 33e4 c5fa | 6f04 24e9 | 7cff ffff 
[/MachCode]
--------------------------------------------------------------------------------


---------------  P R O C E S S  ---------------

Threads class SMR info:
_java_thread_list=0x0000000028439080, length=11, elements={
0x0000000000614d30, 0x000000001b36a150, 0x000000001b36aa60, 0x000000001b372570,
0x000000001b3752a0, 0x000000001b386370, 0x000000001b386c60, 0x000000001b378db0,
0x000000001b39fac0, 0x0000000028432860, 0x00000000284387e0
}

Java Threads: ( => current thread )
=>0x0000000000614d30 JavaThread "main"                              [_thread_in_native, id=1868, stack(0x0000000002720000,0x0000000002820000) (1024K)]
  0x000000001b36a150 JavaThread "Reference Handler"          daemon [_thread_blocked, id=31420, stack(0x00000000288a0000,0x00000000289a0000) (1024K)]
  0x000000001b36aa60 JavaThread "Finalizer"                  daemon [_thread_blocked, id=27596, stack(0x00000000289a0000,0x0000000028aa0000) (1024K)]
  0x000000001b372570 JavaThread "Signal Dispatcher"          daemon [_thread_blocked, id=30704, stack(0x0000000028aa0000,0x0000000028ba0000) (1024K)]
  0x000000001b3752a0 JavaThread "Attach Listener"            daemon [_thread_blocked, id=28360, stack(0x0000000028ba0000,0x0000000028ca0000) (1024K)]
  0x000000001b386370 JavaThread "Service Thread"             daemon [_thread_blocked, id=20688, stack(0x0000000028ca0000,0x0000000028da0000) (1024K)]
  0x000000001b386c60 JavaThread "Monitor Deflation Thread"   daemon [_thread_blocked, id=6136, stack(0x0000000028da0000,0x0000000028ea0000) (1024K)]
  0x000000001b378db0 JavaThread "C2 CompilerThread0"         daemon [_thread_blocked, id=5932, stack(0x0000000028ea0000,0x0000000028fa0000) (1024K)]
  0x000000001b39fac0 JavaThread "C1 CompilerThread0"         daemon [_thread_blocked, id=30080, stack(0x000000002d000000,0x000000002d100000) (1024K)]
  0x0000000028432860 JavaThread "Notification Thread"        daemon [_thread_blocked, id=31016, stack(0x000000002d100000,0x000000002d200000) (1024K)]
  0x00000000284387e0 JavaThread "Common-Cleaner"             daemon [_thread_blocked, id=27056, stack(0x000000002d300000,0x000000002d400000) (1024K)]
Total: 11

Other Threads:
  0x000000001b35cdd0 VMThread "VM Thread"                           [id=2168, stack(0x00000000287a0000,0x00000000288a0000) (1024K)]
  0x000000001b34b5a0 WatcherThread "VM Periodic Task Thread"        [id=28992, stack(0x00000000286a0000,0x00000000287a0000) (1024K)]
  0x000000001b240a60 WorkerThread "GC Thread#0"                     [id=27636, stack(0x00000000252f0000,0x00000000253f0000) (1024K)]
  0x0000000003109160 ConcurrentGCThread "G1 Main Marker"            [id=26392, stack(0x00000000253f0000,0x00000000254f0000) (1024K)]
  0x0000000003109d10 WorkerThread "G1 Conc#0"                       [id=30184, stack(0x00000000254f0000,0x00000000255f0000) (1024K)]
  0x000000001b2979d0 ConcurrentGCThread "G1 Refine#0"               [id=200, stack(0x00000000280a0000,0x00000000281a0000) (1024K)]
  0x000000001b29c000 ConcurrentGCThread "G1 Service"                [id=272, stack(0x00000000281a0000,0x00000000282a0000) (1024K)]
Total: 7

Threads with active compile tasks:
Total: 0

VM state: not at safepoint (normal execution)

VM Mutex/Monitor currently owned by a thread: None

Heap address: 0x0000000602c00000, size: 8148 MB, Compressed Oops mode: Zero based, Oop shift amount: 3

CDS archive(s) mapped at: [0x000000009e000000-0x000000009ee30000-0x000000009ee30000), size 14876672, SharedBaseAddress: 0x000000009e000000, ArchiveRelocationMode: 1.
Compressed class space mapped at: 0x000000009f000000-0x00000000df000000, reserved size: 1073741824
UseCompressedClassPointers 1, UseCompactObjectHeaders 0
Narrow klass pointer bits 32, Max shift 3
Narrow klass base: 0x000000009e000000, Narrow klass shift: 0
Encoding Range: [0x000000009e000000 - 0x000000019e000000), (4294967296 bytes)
Klass Range:    [0x000000009e010000 - 0x00000000df000000), (1090453504 bytes)
Klass ID Range:  [65536 - 1090519033) (1090453497)
Protection zone: [0x000000009e000000 - 0x000000009e010000), (65536 bytes)

GC Precious Log:
 CardTable entry size: 512
 Card Set container configuration: InlinePtr #cards 4 size 8 Array Of Cards #cards 32 size 80 Howl #buckets 8 coarsen threshold 7372 Howl Bitmap #cards 1024 size 144 coarsen threshold 921 Card regions per heap region 1 cards per card region 8192
 CPUs: 12 total, 12 available
 Memory: 32580M
 Large Page Support: Disabled
 NUMA Support: Disabled
 Compressed Oops: Enabled (Zero based)
 Heap Region Size: 4M
 Heap Min Capacity: 8M
 Heap Initial Capacity: 512M
 Heap Max Capacity: 8148M
 Pre-touch: Disabled
 Parallel Workers: 10
 Concurrent Workers: 3
 Concurrent Refinement Workers: 10
 Periodic GC: Disabled

Heap:
 garbage-first heap   total reserved 8343552K, committed 528384K, used 9371K [0x0000000602c00000, 0x0000000800000000)
  region size 4096K, 3 young (12288K), 0 survivors (0K)

Heap Regions: E=young(eden), S=young(survivor), O=old, HS=humongous(starts), HC=humongous(continues), CS=collection set, F=free, TAMS=top-at-mark-start, PB=parsable bottom
|   0|0x0000000602c00000, 0x0000000602c00000, 0x0000000603000000|  0%| F|  |TAMS 0x0000000602c00000| PB 0x0000000602c00000| Untracked |  0
|   1|0x0000000603000000, 0x0000000603000000, 0x0000000603400000|  0%| F|  |TAMS 0x0000000603000000| PB 0x0000000603000000| Untracked |  0
|   2|0x0000000603400000, 0x0000000603400000, 0x0000000603800000|  0%| F|  |TAMS 0x0000000603400000| PB 0x0000000603400000| Untracked |  0
|   3|0x0000000603800000, 0x0000000603800000, 0x0000000603c00000|  0%| F|  |TAMS 0x0000000603800000| PB 0x0000000603800000| Untracked |  0
|   4|0x0000000603c00000, 0x0000000603c00000, 0x0000000604000000|  0%| F|  |TAMS 0x0000000603c00000| PB 0x0000000603c00000| Untracked |  0
|   5|0x0000000604000000, 0x0000000604000000, 0x0000000604400000|  0%| F|  |TAMS 0x0000000604000000| PB 0x0000000604000000| Untracked |  0
|   6|0x0000000604400000, 0x0000000604400000, 0x0000000604800000|  0%| F|  |TAMS 0x0000000604400000| PB 0x0000000604400000| Untracked |  0
|   7|0x0000000604800000, 0x0000000604800000, 0x0000000604c00000|  0%| F|  |TAMS 0x0000000604800000| PB 0x0000000604800000| Untracked |  0
|   8|0x0000000604c00000, 0x0000000604c00000, 0x0000000605000000|  0%| F|  |TAMS 0x0000000604c00000| PB 0x0000000604c00000| Untracked |  0
|   9|0x0000000605000000, 0x0000000605000000, 0x0000000605400000|  0%| F|  |TAMS 0x0000000605000000| PB 0x0000000605000000| Untracked |  0
|  10|0x0000000605400000, 0x0000000605400000, 0x0000000605800000|  0%| F|  |TAMS 0x0000000605400000| PB 0x0000000605400000| Untracked |  0
|  11|0x0000000605800000, 0x0000000605800000, 0x0000000605c00000|  0%| F|  |TAMS 0x0000000605800000| PB 0x0000000605800000| Untracked |  0
|  12|0x0000000605c00000, 0x0000000605c00000, 0x0000000606000000|  0%| F|  |TAMS 0x0000000605c00000| PB 0x0000000605c00000| Untracked |  0
|  13|0x0000000606000000, 0x0000000606000000, 0x0000000606400000|  0%| F|  |TAMS 0x0000000606000000| PB 0x0000000606000000| Untracked |  0
|  14|0x0000000606400000, 0x0000000606400000, 0x0000000606800000|  0%| F|  |TAMS 0x0000000606400000| PB 0x0000000606400000| Untracked |  0
|  15|0x0000000606800000, 0x0000000606800000, 0x0000000606c00000|  0%| F|  |TAMS 0x0000000606800000| PB 0x0000000606800000| Untracked |  0
|  16|0x0000000606c00000, 0x0000000606c00000, 0x0000000607000000|  0%| F|  |TAMS 0x0000000606c00000| PB 0x0000000606c00000| Untracked |  0
|  17|0x0000000607000000, 0x0000000607000000, 0x0000000607400000|  0%| F|  |TAMS 0x0000000607000000| PB 0x0000000607000000| Untracked |  0
|  18|0x0000000607400000, 0x0000000607400000, 0x0000000607800000|  0%| F|  |TAMS 0x0000000607400000| PB 0x0000000607400000| Untracked |  0
|  19|0x0000000607800000, 0x0000000607800000, 0x0000000607c00000|  0%| F|  |TAMS 0x0000000607800000| PB 0x0000000607800000| Untracked |  0
|  20|0x0000000607c00000, 0x0000000607c00000, 0x0000000608000000|  0%| F|  |TAMS 0x0000000607c00000| PB 0x0000000607c00000| Untracked |  0
|  21|0x0000000608000000, 0x0000000608000000, 0x0000000608400000|  0%| F|  |TAMS 0x0000000608000000| PB 0x0000000608000000| Untracked |  0
|  22|0x0000000608400000, 0x0000000608400000, 0x0000000608800000|  0%| F|  |TAMS 0x0000000608400000| PB 0x0000000608400000| Untracked |  0
|  23|0x0000000608800000, 0x0000000608800000, 0x0000000608c00000|  0%| F|  |TAMS 0x0000000608800000| PB 0x0000000608800000| Untracked |  0
|  24|0x0000000608c00000, 0x0000000608c00000, 0x0000000609000000|  0%| F|  |TAMS 0x0000000608c00000| PB 0x0000000608c00000| Untracked |  0
|  25|0x0000000609000000, 0x0000000609000000, 0x0000000609400000|  0%| F|  |TAMS 0x0000000609000000| PB 0x0000000609000000| Untracked |  0
|  26|0x0000000609400000, 0x0000000609400000, 0x0000000609800000|  0%| F|  |TAMS 0x0000000609400000| PB 0x0000000609400000| Untracked |  0
|  27|0x0000000609800000, 0x0000000609800000, 0x0000000609c00000|  0%| F|  |TAMS 0x0000000609800000| PB 0x0000000609800000| Untracked |  0
|  28|0x0000000609c00000, 0x0000000609c00000, 0x000000060a000000|  0%| F|  |TAMS 0x0000000609c00000| PB 0x0000000609c00000| Untracked |  0
|  29|0x000000060a000000, 0x000000060a000000, 0x000000060a400000|  0%| F|  |TAMS 0x000000060a000000| PB 0x000000060a000000| Untracked |  0
|  30|0x000000060a400000, 0x000000060a400000, 0x000000060a800000|  0%| F|  |TAMS 0x000000060a400000| PB 0x000000060a400000| Untracked |  0
|  31|0x000000060a800000, 0x000000060a800000, 0x000000060ac00000|  0%| F|  |TAMS 0x000000060a800000| PB 0x000000060a800000| Untracked |  0
|  32|0x000000060ac00000, 0x000000060ac00000, 0x000000060b000000|  0%| F|  |TAMS 0x000000060ac00000| PB 0x000000060ac00000| Untracked |  0
|  33|0x000000060b000000, 0x000000060b000000, 0x000000060b400000|  0%| F|  |TAMS 0x000000060b000000| PB 0x000000060b000000| Untracked |  0
|  34|0x000000060b400000, 0x000000060b400000, 0x000000060b800000|  0%| F|  |TAMS 0x000000060b400000| PB 0x000000060b400000| Untracked |  0
|  35|0x000000060b800000, 0x000000060b800000, 0x000000060bc00000|  0%| F|  |TAMS 0x000000060b800000| PB 0x000000060b800000| Untracked |  0
|  36|0x000000060bc00000, 0x000000060bc00000, 0x000000060c000000|  0%| F|  |TAMS 0x000000060bc00000| PB 0x000000060bc00000| Untracked |  0
|  37|0x000000060c000000, 0x000000060c000000, 0x000000060c400000|  0%| F|  |TAMS 0x000000060c000000| PB 0x000000060c000000| Untracked |  0
|  38|0x000000060c400000, 0x000000060c400000, 0x000000060c800000|  0%| F|  |TAMS 0x000000060c400000| PB 0x000000060c400000| Untracked |  0
|  39|0x000000060c800000, 0x000000060c800000, 0x000000060cc00000|  0%| F|  |TAMS 0x000000060c800000| PB 0x000000060c800000| Untracked |  0
|  40|0x000000060cc00000, 0x000000060cc00000, 0x000000060d000000|  0%| F|  |TAMS 0x000000060cc00000| PB 0x000000060cc00000| Untracked |  0
|  41|0x000000060d000000, 0x000000060d000000, 0x000000060d400000|  0%| F|  |TAMS 0x000000060d000000| PB 0x000000060d000000| Untracked |  0
|  42|0x000000060d400000, 0x000000060d400000, 0x000000060d800000|  0%| F|  |TAMS 0x000000060d400000| PB 0x000000060d400000| Untracked |  0
|  43|0x000000060d800000, 0x000000060d800000, 0x000000060dc00000|  0%| F|  |TAMS 0x000000060d800000| PB 0x000000060d800000| Untracked |  0
|  44|0x000000060dc00000, 0x000000060dc00000, 0x000000060e000000|  0%| F|  |TAMS 0x000000060dc00000| PB 0x000000060dc00000| Untracked |  0
|  45|0x000000060e000000, 0x000000060e000000, 0x000000060e400000|  0%| F|  |TAMS 0x000000060e000000| PB 0x000000060e000000| Untracked |  0
|  46|0x000000060e400000, 0x000000060e400000, 0x000000060e800000|  0%| F|  |TAMS 0x000000060e400000| PB 0x000000060e400000| Untracked |  0
|  47|0x000000060e800000, 0x000000060e800000, 0x000000060ec00000|  0%| F|  |TAMS 0x000000060e800000| PB 0x000000060e800000| Untracked |  0
|  48|0x000000060ec00000, 0x000000060ec00000, 0x000000060f000000|  0%| F|  |TAMS 0x000000060ec00000| PB 0x000000060ec00000| Untracked |  0
|  49|0x000000060f000000, 0x000000060f000000, 0x000000060f400000|  0%| F|  |TAMS 0x000000060f000000| PB 0x000000060f000000| Untracked |  0
|  50|0x000000060f400000, 0x000000060f400000, 0x000000060f800000|  0%| F|  |TAMS 0x000000060f400000| PB 0x000000060f400000| Untracked |  0
|  51|0x000000060f800000, 0x000000060f800000, 0x000000060fc00000|  0%| F|  |TAMS 0x000000060f800000| PB 0x000000060f800000| Untracked |  0
|  52|0x000000060fc00000, 0x000000060fc00000, 0x0000000610000000|  0%| F|  |TAMS 0x000000060fc00000| PB 0x000000060fc00000| Untracked |  0
|  53|0x0000000610000000, 0x0000000610000000, 0x0000000610400000|  0%| F|  |TAMS 0x0000000610000000| PB 0x0000000610000000| Untracked |  0
|  54|0x0000000610400000, 0x0000000610400000, 0x0000000610800000|  0%| F|  |TAMS 0x0000000610400000| PB 0x0000000610400000| Untracked |  0
|  55|0x0000000610800000, 0x0000000610800000, 0x0000000610c00000|  0%| F|  |TAMS 0x0000000610800000| PB 0x0000000610800000| Untracked |  0
|  56|0x0000000610c00000, 0x0000000610c00000, 0x0000000611000000|  0%| F|  |TAMS 0x0000000610c00000| PB 0x0000000610c00000| Untracked |  0
|  57|0x0000000611000000, 0x0000000611000000, 0x0000000611400000|  0%| F|  |TAMS 0x0000000611000000| PB 0x0000000611000000| Untracked |  0
|  58|0x0000000611400000, 0x0000000611400000, 0x0000000611800000|  0%| F|  |TAMS 0x0000000611400000| PB 0x0000000611400000| Untracked |  0
|  59|0x0000000611800000, 0x0000000611800000, 0x0000000611c00000|  0%| F|  |TAMS 0x0000000611800000| PB 0x0000000611800000| Untracked |  0
|  60|0x0000000611c00000, 0x0000000611c00000, 0x0000000612000000|  0%| F|  |TAMS 0x0000000611c00000| PB 0x0000000611c00000| Untracked |  0
|  61|0x0000000612000000, 0x0000000612000000, 0x0000000612400000|  0%| F|  |TAMS 0x0000000612000000| PB 0x0000000612000000| Untracked |  0
|  62|0x0000000612400000, 0x0000000612400000, 0x0000000612800000|  0%| F|  |TAMS 0x0000000612400000| PB 0x0000000612400000| Untracked |  0
|  63|0x0000000612800000, 0x0000000612800000, 0x0000000612c00000|  0%| F|  |TAMS 0x0000000612800000| PB 0x0000000612800000| Untracked |  0
|  64|0x0000000612c00000, 0x0000000612c00000, 0x0000000613000000|  0%| F|  |TAMS 0x0000000612c00000| PB 0x0000000612c00000| Untracked |  0
|  65|0x0000000613000000, 0x0000000613000000, 0x0000000613400000|  0%| F|  |TAMS 0x0000000613000000| PB 0x0000000613000000| Untracked |  0
|  66|0x0000000613400000, 0x0000000613400000, 0x0000000613800000|  0%| F|  |TAMS 0x0000000613400000| PB 0x0000000613400000| Untracked |  0
|  67|0x0000000613800000, 0x0000000613800000, 0x0000000613c00000|  0%| F|  |TAMS 0x0000000613800000| PB 0x0000000613800000| Untracked |  0
|  68|0x0000000613c00000, 0x0000000613c00000, 0x0000000614000000|  0%| F|  |TAMS 0x0000000613c00000| PB 0x0000000613c00000| Untracked |  0
|  69|0x0000000614000000, 0x0000000614000000, 0x0000000614400000|  0%| F|  |TAMS 0x0000000614000000| PB 0x0000000614000000| Untracked |  0
|  70|0x0000000614400000, 0x0000000614400000, 0x0000000614800000|  0%| F|  |TAMS 0x0000000614400000| PB 0x0000000614400000| Untracked |  0
|  71|0x0000000614800000, 0x0000000614800000, 0x0000000614c00000|  0%| F|  |TAMS 0x0000000614800000| PB 0x0000000614800000| Untracked |  0
|  72|0x0000000614c00000, 0x0000000614c00000, 0x0000000615000000|  0%| F|  |TAMS 0x0000000614c00000| PB 0x0000000614c00000| Untracked |  0
|  73|0x0000000615000000, 0x0000000615000000, 0x0000000615400000|  0%| F|  |TAMS 0x0000000615000000| PB 0x0000000615000000| Untracked |  0
|  74|0x0000000615400000, 0x0000000615400000, 0x0000000615800000|  0%| F|  |TAMS 0x0000000615400000| PB 0x0000000615400000| Untracked |  0
|  75|0x0000000615800000, 0x0000000615800000, 0x0000000615c00000|  0%| F|  |TAMS 0x0000000615800000| PB 0x0000000615800000| Untracked |  0
|  76|0x0000000615c00000, 0x0000000615c00000, 0x0000000616000000|  0%| F|  |TAMS 0x0000000615c00000| PB 0x0000000615c00000| Untracked |  0
|  77|0x0000000616000000, 0x0000000616000000, 0x0000000616400000|  0%| F|  |TAMS 0x0000000616000000| PB 0x0000000616000000| Untracked |  0
|  78|0x0000000616400000, 0x0000000616400000, 0x0000000616800000|  0%| F|  |TAMS 0x0000000616400000| PB 0x0000000616400000| Untracked |  0
|  79|0x0000000616800000, 0x0000000616800000, 0x0000000616c00000|  0%| F|  |TAMS 0x0000000616800000| PB 0x0000000616800000| Untracked |  0
|  80|0x0000000616c00000, 0x0000000616c00000, 0x0000000617000000|  0%| F|  |TAMS 0x0000000616c00000| PB 0x0000000616c00000| Untracked |  0
|  81|0x0000000617000000, 0x0000000617000000, 0x0000000617400000|  0%| F|  |TAMS 0x0000000617000000| PB 0x0000000617000000| Untracked |  0
|  82|0x0000000617400000, 0x0000000617400000, 0x0000000617800000|  0%| F|  |TAMS 0x0000000617400000| PB 0x0000000617400000| Untracked |  0
|  83|0x0000000617800000, 0x0000000617800000, 0x0000000617c00000|  0%| F|  |TAMS 0x0000000617800000| PB 0x0000000617800000| Untracked |  0
|  84|0x0000000617c00000, 0x0000000617c00000, 0x0000000618000000|  0%| F|  |TAMS 0x0000000617c00000| PB 0x0000000617c00000| Untracked |  0
|  85|0x0000000618000000, 0x0000000618000000, 0x0000000618400000|  0%| F|  |TAMS 0x0000000618000000| PB 0x0000000618000000| Untracked |  0
|  86|0x0000000618400000, 0x0000000618400000, 0x0000000618800000|  0%| F|  |TAMS 0x0000000618400000| PB 0x0000000618400000| Untracked |  0
|  87|0x0000000618800000, 0x0000000618800000, 0x0000000618c00000|  0%| F|  |TAMS 0x0000000618800000| PB 0x0000000618800000| Untracked |  0
|  88|0x0000000618c00000, 0x0000000618c00000, 0x0000000619000000|  0%| F|  |TAMS 0x0000000618c00000| PB 0x0000000618c00000| Untracked |  0
|  89|0x0000000619000000, 0x0000000619000000, 0x0000000619400000|  0%| F|  |TAMS 0x0000000619000000| PB 0x0000000619000000| Untracked |  0
|  90|0x0000000619400000, 0x0000000619400000, 0x0000000619800000|  0%| F|  |TAMS 0x0000000619400000| PB 0x0000000619400000| Untracked |  0
|  91|0x0000000619800000, 0x0000000619800000, 0x0000000619c00000|  0%| F|  |TAMS 0x0000000619800000| PB 0x0000000619800000| Untracked |  0
|  92|0x0000000619c00000, 0x0000000619c00000, 0x000000061a000000|  0%| F|  |TAMS 0x0000000619c00000| PB 0x0000000619c00000| Untracked |  0
|  93|0x000000061a000000, 0x000000061a000000, 0x000000061a400000|  0%| F|  |TAMS 0x000000061a000000| PB 0x000000061a000000| Untracked |  0
|  94|0x000000061a400000, 0x000000061a400000, 0x000000061a800000|  0%| F|  |TAMS 0x000000061a400000| PB 0x000000061a400000| Untracked |  0
|  95|0x000000061a800000, 0x000000061a800000, 0x000000061ac00000|  0%| F|  |TAMS 0x000000061a800000| PB 0x000000061a800000| Untracked |  0
|  96|0x000000061ac00000, 0x000000061ac00000, 0x000000061b000000|  0%| F|  |TAMS 0x000000061ac00000| PB 0x000000061ac00000| Untracked |  0
|  97|0x000000061b000000, 0x000000061b000000, 0x000000061b400000|  0%| F|  |TAMS 0x000000061b000000| PB 0x000000061b000000| Untracked |  0
|  98|0x000000061b400000, 0x000000061b400000, 0x000000061b800000|  0%| F|  |TAMS 0x000000061b400000| PB 0x000000061b400000| Untracked |  0
|  99|0x000000061b800000, 0x000000061b800000, 0x000000061bc00000|  0%| F|  |TAMS 0x000000061b800000| PB 0x000000061b800000| Untracked |  0
| 100|0x000000061bc00000, 0x000000061bc00000, 0x000000061c000000|  0%| F|  |TAMS 0x000000061bc00000| PB 0x000000061bc00000| Untracked |  0
| 101|0x000000061c000000, 0x000000061c000000, 0x000000061c400000|  0%| F|  |TAMS 0x000000061c000000| PB 0x000000061c000000| Untracked |  0
| 102|0x000000061c400000, 0x000000061c400000, 0x000000061c800000|  0%| F|  |TAMS 0x000000061c400000| PB 0x000000061c400000| Untracked |  0
| 103|0x000000061c800000, 0x000000061c800000, 0x000000061cc00000|  0%| F|  |TAMS 0x000000061c800000| PB 0x000000061c800000| Untracked |  0
| 104|0x000000061cc00000, 0x000000061cc00000, 0x000000061d000000|  0%| F|  |TAMS 0x000000061cc00000| PB 0x000000061cc00000| Untracked |  0
| 105|0x000000061d000000, 0x000000061d000000, 0x000000061d400000|  0%| F|  |TAMS 0x000000061d000000| PB 0x000000061d000000| Untracked |  0
| 106|0x000000061d400000, 0x000000061d400000, 0x000000061d800000|  0%| F|  |TAMS 0x000000061d400000| PB 0x000000061d400000| Untracked |  0
| 107|0x000000061d800000, 0x000000061d800000, 0x000000061dc00000|  0%| F|  |TAMS 0x000000061d800000| PB 0x000000061d800000| Untracked |  0
| 108|0x000000061dc00000, 0x000000061dc00000, 0x000000061e000000|  0%| F|  |TAMS 0x000000061dc00000| PB 0x000000061dc00000| Untracked |  0
| 109|0x000000061e000000, 0x000000061e000000, 0x000000061e400000|  0%| F|  |TAMS 0x000000061e000000| PB 0x000000061e000000| Untracked |  0
| 110|0x000000061e400000, 0x000000061e400000, 0x000000061e800000|  0%| F|  |TAMS 0x000000061e400000| PB 0x000000061e400000| Untracked |  0
| 111|0x000000061e800000, 0x000000061e800000, 0x000000061ec00000|  0%| F|  |TAMS 0x000000061e800000| PB 0x000000061e800000| Untracked |  0
| 112|0x000000061ec00000, 0x000000061ec00000, 0x000000061f000000|  0%| F|  |TAMS 0x000000061ec00000| PB 0x000000061ec00000| Untracked |  0
| 113|0x000000061f000000, 0x000000061f000000, 0x000000061f400000|  0%| F|  |TAMS 0x000000061f000000| PB 0x000000061f000000| Untracked |  0
| 114|0x000000061f400000, 0x000000061f400000, 0x000000061f800000|  0%| F|  |TAMS 0x000000061f400000| PB 0x000000061f400000| Untracked |  0
| 115|0x000000061f800000, 0x000000061f800000, 0x000000061fc00000|  0%| F|  |TAMS 0x000000061f800000| PB 0x000000061f800000| Untracked |  0
| 116|0x000000061fc00000, 0x000000061fc00000, 0x0000000620000000|  0%| F|  |TAMS 0x000000061fc00000| PB 0x000000061fc00000| Untracked |  0
| 117|0x0000000620000000, 0x0000000620000000, 0x0000000620400000|  0%| F|  |TAMS 0x0000000620000000| PB 0x0000000620000000| Untracked |  0
| 118|0x0000000620400000, 0x0000000620400000, 0x0000000620800000|  0%| F|  |TAMS 0x0000000620400000| PB 0x0000000620400000| Untracked |  0
| 119|0x0000000620800000, 0x0000000620800000, 0x0000000620c00000|  0%| F|  |TAMS 0x0000000620800000| PB 0x0000000620800000| Untracked |  0
| 120|0x0000000620c00000, 0x0000000620c00000, 0x0000000621000000|  0%| F|  |TAMS 0x0000000620c00000| PB 0x0000000620c00000| Untracked |  0
| 121|0x0000000621000000, 0x0000000621000000, 0x0000000621400000|  0%| F|  |TAMS 0x0000000621000000| PB 0x0000000621000000| Untracked |  0
| 122|0x0000000621400000, 0x0000000621400000, 0x0000000621800000|  0%| F|  |TAMS 0x0000000621400000| PB 0x0000000621400000| Untracked |  0
| 123|0x0000000621800000, 0x0000000621800000, 0x0000000621c00000|  0%| F|  |TAMS 0x0000000621800000| PB 0x0000000621800000| Untracked |  0
| 124|0x0000000621c00000, 0x0000000621c00000, 0x0000000622000000|  0%| F|  |TAMS 0x0000000621c00000| PB 0x0000000621c00000| Untracked |  0
| 125|0x0000000622000000, 0x00000006220f5e38, 0x0000000622400000| 24%| E|  |TAMS 0x0000000622000000| PB 0x0000000622000000| Complete |  0
| 126|0x0000000622400000, 0x0000000622800000, 0x0000000622800000|100%| E|CS|TAMS 0x0000000622400000| PB 0x0000000622400000| Complete |  0
| 127|0x0000000622800000, 0x0000000622c00000, 0x0000000622c00000|100%| E|CS|TAMS 0x0000000622800000| PB 0x0000000622800000| Complete |  0
|2036|0x00000007ffc00000, 0x00000007ffd26f28, 0x0000000800000000| 28%| O|  |TAMS 0x00000007ffc00000| PB 0x00000007ffc00000| Untracked |  0

Card table byte_map: [0x000000001c3b0000,0x000000001d3a0000] _byte_map_base: 0x000000001939a000

Marking Bits: (CMBitMap*) 0x00000000030f0a40
 Bits: [0x000000001d3a0000, 0x00000000252f0000)

Polling page: 0x0000000000f90000

Metaspace:
Metaspace        used 1999K, committed 2240K, reserved 1114112K
 class space     used 226K, committed 320K, reserved 1048576K

Usage:
  Non-class:      1.73 MB used.
      Class:    226.09 KB used.
       Both:      1.95 MB used.

Virtual space:
  Non-class space:       64.00 MB reserved,       1.88 MB (  3%) committed,  1 nodes.
      Class space:        1.00 GB reserved,     320.00 KB ( <1%) committed,  1 nodes.
             Both:        1.06 GB reserved,       2.19 MB ( <1%) committed. 

Chunk freelists:
   Non-Class:  11.79 MB
       Class:  15.66 MB
        Both:  27.45 MB

MaxMetaspaceSize: unlimited
CompressedClassSpaceSize: 1.00 GB
Initial GC threshold: 21.00 MB
Current GC threshold: 21.00 MB
CDS: on
 - commit_granule_bytes: 65536.
 - commit_granule_words: 8192.
 - virtual_space_node_default_size: 8388608.
 - enlarge_chunks_in_place: 1.
UseCompressedClassPointers 1, UseCompactObjectHeaders 0
Narrow klass pointer bits 32, Max shift 3
Narrow klass base: 0x000000009e000000, Narrow klass shift: 0
Encoding Range: [0x000000009e000000 - 0x000000019e000000), (4294967296 bytes)
Klass Range:    [0x000000009e010000 - 0x00000000df000000), (1090453504 bytes)
Klass ID Range:  [65536 - 1090519033) (1090453497)
Protection zone: [0x000000009e000000 - 0x000000009e010000), (65536 bytes)


Internal statistics:

num_allocs_failed_limit: 0.
num_arena_births: 190.
num_arena_deaths: 0.
num_vsnodes_births: 2.
num_vsnodes_deaths: 0.
num_space_committed: 35.
num_space_uncommitted: 0.
num_chunks_returned_to_freelist: 0.
num_chunks_taken_from_freelist: 194.
num_chunk_merges: 0.
num_chunk_splits: 146.
num_chunks_enlarged: 95.
num_inconsistent_stats: 0.

CodeHeap 'non-profiled nmethods': size=120064Kb used=183Kb max_used=183Kb free=119880Kb
 bounds [0x0000000013730000, 0x00000000139a0000, 0x000000001ac70000]
CodeHeap 'profiled nmethods': size=120000Kb used=723Kb max_used=723Kb free=119276Kb
 bounds [0x000000000bc70000, 0x000000000bee0000, 0x00000000131a0000]
CodeHeap 'non-nmethods': size=5696Kb used=1335Kb max_used=1349Kb free=4360Kb
 bounds [0x00000000131a0000, 0x0000000013410000, 0x0000000013730000]
CodeCache: size=245760Kb, used=2241Kb, max_used=2255Kb, free=243516Kb
 total_blobs=1072, nmethods=609, adapters=362, full_count=0
Compilation: enabled, stopped_count=0, restarted_count=0

Compilation events (20 events):
Event: 0.120 Thread 0x000000001b39fac0 nmethod 594 0x000000000bd1f888 code [0x000000000bd1f980, 0x000000000bd1fd18]
Event: 0.120 Thread 0x000000001b39fac0  595       3       sun.invoke.util.VerifyAccess::isSamePackage (37 bytes)
Event: 0.120 Thread 0x000000001b39fac0 nmethod 595 0x000000000bd1fd88 code [0x000000000bd1fe80, 0x000000000bd20300]
Event: 0.120 Thread 0x000000001b39fac0  591       3       java.util.Objects::checkIndex (7 bytes)
Event: 0.120 Thread 0x000000001b39fac0 nmethod 591 0x000000000bd20308 code [0x000000000bd20400, 0x000000000bd20538]
Event: 0.120 Thread 0x000000001b39fac0  598       3       java.util.ArrayList::isEmpty (13 bytes)
Event: 0.120 Thread 0x000000001b39fac0 nmethod 598 0x000000000bd20608 code [0x000000000bd20700, 0x000000000bd20858]
Event: 0.121 Thread 0x000000001b39fac0  601       3       java.lang.invoke.InvokerBytecodeGenerator::methodDesc (45 bytes)
Event: 0.121 Thread 0x000000001b39fac0 nmethod 601 0x000000000bd20908 code [0x000000000bd20a00, 0x000000000bd21508]
Event: 0.121 Thread 0x000000001b39fac0  602       3       jdk.internal.classfile.impl.SplitConstantPool::writeTo (120 bytes)
Event: 0.122 Thread 0x000000001b39fac0 nmethod 602 0x000000000bd21588 code [0x000000000bd21680, 0x000000000bd22a80]
Event: 0.122 Thread 0x000000001b39fac0  607       3       jdk.internal.classfile.impl.SplitConstantPool::methodRefEntry (72 bytes)
Event: 0.122 Thread 0x000000001b378db0  609       4       jdk.internal.classfile.impl.EntryMap::put (186 bytes)
Event: 0.122 Thread 0x000000001b39fac0 nmethod 607 0x000000000bd22b08 code [0x000000000bd22c00, 0x000000000bd24210]
Event: 0.122 Thread 0x000000001b39fac0  608   !   3       java.util.ImmutableCollections$ListItr::next (34 bytes)
Event: 0.122 Thread 0x000000001b39fac0 nmethod 608 0x000000000bd24288 code [0x000000000bd24380, 0x000000000bd24610]
Event: 0.122 Thread 0x000000001b39fac0  603       3       jdk.internal.access.SharedSecrets::getJavaLangAccess (4 bytes)
Event: 0.122 Thread 0x000000001b39fac0 nmethod 603 0x000000000bd24688 code [0x000000000bd24780, 0x000000000bd24880]
Event: 0.122 Thread 0x000000001b39fac0  604       3       java.util.Objects::hash (5 bytes)
Event: 0.122 Thread 0x000000001b39fac0 nmethod 604 0x000000000bd24988 code [0x000000000bd24a80, 0x000000000bd24c48]

GC Heap Usage History (0 events):
No events

Metaspace Usage History (0 events):
No events

Dll operation events (6 events):
Event: 0.005 Loaded shared library C:\Program Files\Zulu\zulu-25\bin\java.dll
Event: 0.039 Loaded shared library C:\Program Files\Zulu\zulu-25\bin\net.dll
Event: 0.040 Loaded shared library C:\Program Files\Zulu\zulu-25\bin\nio.dll
Event: 0.044 Loaded shared library C:\Program Files\Zulu\zulu-25\bin\zip.dll
Event: 0.052 Loaded shared library C:\Program Files\Zulu\zulu-25\bin\jimage.dll
Event: 0.069 Loaded shared library F:\Projects\Toterra-Repo\Subterra\subterra-engine\src\main\resources\tie\subterra_density.dll

Deoptimization events (2 events):
Event: 0.054 Thread 0x0000000000614d30 DEOPT PACKING pc=0x000000000bc7ef20 sp=0x000000000281cdb0
Event: 0.054 Thread 0x0000000000614d30 DEOPT UNPACKING pc=0x00000000131f1702 sp=0x000000000281c238 mode 0

Classes loaded (20 events):
Event: 0.100 Loading class jdk/internal/classfile/impl/AbstractInstruction$UnboundInstruction done
Event: 0.100 Loading class jdk/internal/classfile/impl/AbstractInstruction$UnboundLoadInstruction done
Event: 0.100 Loading class java/lang/classfile/instruction/InvokeInstruction
Event: 0.101 Loading class java/lang/classfile/instruction/InvokeInstruction done
Event: 0.101 Loading class jdk/internal/classfile/impl/AbstractInstruction$UnboundInvokeInstruction
Event: 0.101 Loading class jdk/internal/classfile/impl/AbstractInstruction$UnboundInvokeInstruction done
Event: 0.101 Loading class java/lang/classfile/instruction/ExceptionCatch
Event: 0.101 Loading class java/lang/classfile/instruction/ExceptionCatch done
Event: 0.101 Loading class jdk/internal/classfile/impl/AbstractPseudoInstruction$ExceptionCatchImpl
Event: 0.101 Loading class jdk/internal/classfile/impl/AbstractPseudoInstruction
Event: 0.101 Loading class jdk/internal/classfile/impl/AbstractPseudoInstruction done
Event: 0.101 Loading class jdk/internal/classfile/impl/AbstractPseudoInstruction$ExceptionCatchImpl done
Event: 0.101 Loading class jdk/internal/classfile/impl/StackMapGenerator$RawExceptionCatch
Event: 0.101 Loading class jdk/internal/classfile/impl/StackMapGenerator$RawExceptionCatch done
Event: 0.101 Loading class jdk/internal/classfile/impl/SplitConstantPool$1
Event: 0.101 Loading class jdk/internal/classfile/impl/SplitConstantPool$1 done
Event: 0.101 Loading class jdk/internal/classfile/impl/AbstractAttributeMapper$BootstrapMethodsMapper
Event: 0.101 Loading class jdk/internal/classfile/impl/AbstractAttributeMapper$BootstrapMethodsMapper done
Event: 0.118 Loading class java/lang/invoke/ConstantBootstraps
Event: 0.118 Loading class java/lang/invoke/ConstantBootstraps done

Classes unloaded (0 events):
No events

Classes redefined (0 events):
No events

Internal exceptions (20 events):
Event: 0.095 Thread 0x0000000000614d30 Exception <a 'java/lang/NoSuchMethodError'{0x0000000622615848}: 'java.lang.Object java.lang.invoke.DirectMethodHandle$Holder.newInvokeSpecial(java.lang.Object, long)'> (0x0000000622615848) 
thrown [s\src\hotspot\share\interpreter\linkResolver.cpp, line 804]
Event: 0.096 Thread 0x0000000000614d30 Exception <a 'java/lang/NoSuchMethodError'{0x0000000622639528}: 'java.lang.Object java.lang.invoke.DirectMethodHandle$Holder.newInvokeSpecial(java.lang.Object, java.lang.Object, java.lang.Object, java.lang.Object, java.lang.Object)'> (0x0000000622639528) 
thrown [s\src\hotspot\share\interpreter\linkResolver.cpp, line 804]
Event: 0.098 Thread 0x0000000000614d30 Exception <a 'java/lang/IncompatibleClassChangeError'{0x00000006226638e8}: Found class java.lang.Object, but interface was expected> (0x00000006226638e8) 
thrown [s\src\hotspot\share\interpreter\linkResolver.cpp, line 871]
Event: 0.099 Thread 0x0000000000614d30 Exception <a 'java/lang/NoSuchMethodError'{0x0000000622674670}: 'void java.lang.invoke.DirectMethodHandle$Holder.invokeStatic(java.lang.Object, int, java.lang.Object)'> (0x0000000622674670) 
thrown [s\src\hotspot\share\interpreter\linkResolver.cpp, line 804]
Event: 0.102 Thread 0x0000000000614d30 Exception <a 'java/lang/NoSuchMethodError'{0x0000000622691ce8}: 'double java.lang.invoke.DirectMethodHandle$Holder.invokeStaticInit(java.lang.Object, java.lang.Object, java.lang.Object, long, long, long, long)'> (0x0000000622691ce8) 
thrown [s\src\hotspot\share\interpreter\linkResolver.cpp, line 804]
Event: 0.103 Thread 0x0000000000614d30 Exception <a 'java/lang/NoSuchMethodError'{0x00000006226a2138}: 'double java.lang.invoke.DelegatingMethodHandle$Holder.reinvoke_L(java.lang.Object, java.lang.Object, java.lang.Object, long, long, long, long)'> (0x00000006226a2138) 
thrown [s\src\hotspot\share\interpreter\linkResolver.cpp, line 804]
Event: 0.106 Thread 0x0000000000614d30 Exception <a 'java/lang/NoSuchMethodError'{0x00000006226e8f58}: 'long java.lang.invoke.DirectMethodHandle$Holder.invokeStaticInit(java.lang.Object, java.lang.Object, java.lang.Object)'> (0x00000006226e8f58) 
thrown [s\src\hotspot\share\interpreter\linkResolver.cpp, line 804]
Event: 0.106 Thread 0x0000000000614d30 Exception <a 'java/lang/NoSuchMethodError'{0x00000006226f91c0}: 'long java.lang.invoke.DelegatingMethodHandle$Holder.reinvoke_L(java.lang.Object, java.lang.Object, java.lang.Object)'> (0x00000006226f91c0) 
thrown [s\src\hotspot\share\interpreter\linkResolver.cpp, line 804]
Event: 0.109 Thread 0x0000000000614d30 Exception <a 'java/lang/NoSuchMethodError'{0x000000062273de78}: 'double java.lang.invoke.DirectMethodHandle$Holder.invokeStaticInit(java.lang.Object, java.lang.Object, java.lang.Object, long)'> (0x000000062273de78) 
thrown [s\src\hotspot\share\interpreter\linkResolver.cpp, line 804]
Event: 0.110 Thread 0x0000000000614d30 Exception <a 'java/lang/NoSuchMethodError'{0x000000062274e048}: 'double java.lang.invoke.DelegatingMethodHandle$Holder.reinvoke_L(java.lang.Object, java.lang.Object, java.lang.Object, long)'> (0x000000062274e048) 
thrown [s\src\hotspot\share\interpreter\linkResolver.cpp, line 804]
Event: 0.113 Thread 0x0000000000614d30 Exception <a 'java/lang/NoSuchMethodError'{0x0000000622792540}: 'long java.lang.invoke.DirectMethodHandle$Holder.invokeStaticInit(java.lang.Object, java.lang.Object, java.lang.Object, long)'> (0x0000000622792540) 
thrown [s\src\hotspot\share\interpreter\linkResolver.cpp, line 804]
Event: 0.114 Thread 0x0000000000614d30 Exception <a 'java/lang/NoSuchMethodError'{0x00000006227a2710}: 'long java.lang.invoke.DelegatingMethodHandle$Holder.reinvoke_L(java.lang.Object, java.lang.Object, java.lang.Object, long)'> (0x00000006227a2710) 
thrown [s\src\hotspot\share\interpreter\linkResolver.cpp, line 804]
Event: 0.116 Thread 0x0000000000614d30 Exception <a 'java/lang/NoSuchMethodError'{0x00000006227e8778}: 'long java.lang.invoke.DirectMethodHandle$Holder.invokeStaticInit(java.lang.Object, java.lang.Object, java.lang.Object, long, long, long, long)'> (0x00000006227e8778) 
thrown [s\src\hotspot\share\interpreter\linkResolver.cpp, line 804]
Event: 0.116 Thread 0x0000000000614d30 Exception <a 'java/lang/NoSuchMethodError'{0x00000006227f8bc8}: 'long java.lang.invoke.DelegatingMethodHandle$Holder.reinvoke_L(java.lang.Object, java.lang.Object, java.lang.Object, long, long, long, long)'> (0x00000006227f8bc8) 
thrown [s\src\hotspot\share\interpreter\linkResolver.cpp, line 804]
Event: 0.118 Thread 0x0000000000614d30 Exception <a 'java/lang/NoSuchMethodError'{0x0000000622022ed0}: 'long java.lang.invoke.DirectMethodHandle$Holder.invokeSpecial(java.lang.Object, java.lang.Object)'> (0x0000000622022ed0) 
thrown [s\src\hotspot\share\interpreter\linkResolver.cpp, line 804]
Event: 0.118 Thread 0x0000000000614d30 Exception <a 'java/lang/NoSuchMethodError'{0x000000062202ab10}: 'long java.lang.invoke.Invokers$Holder.invokeExact_MT(java.lang.Object, java.lang.Object)'> (0x000000062202ab10) 
thrown [s\src\hotspot\share\interpreter\linkResolver.cpp, line 804]
Event: 0.119 Thread 0x0000000000614d30 Exception <a 'java/lang/NoSuchMethodError'{0x0000000622034a90}: 'java.lang.Object java.lang.invoke.Invokers$Holder.invoke_MT(java.lang.Object, java.lang.Object, java.lang.Object, java.lang.Object, java.lang.Object)'> (0x0000000622034a90) 
thrown [s\src\hotspot\share\interpreter\linkResolver.cpp, line 804]
Event: 0.119 Thread 0x0000000000614d30 Exception <a 'java/lang/NoSuchMethodError'{0x000000062203d618}: 'long java.lang.invoke.DirectMethodHandle$Holder.invokeSpecial(java.lang.Object, java.lang.Object, long)'> (0x000000062203d618) 
thrown [s\src\hotspot\share\interpreter\linkResolver.cpp, line 804]
Event: 0.119 Thread 0x0000000000614d30 Exception <a 'java/lang/NoSuchMethodError'{0x000000062204d998}: 'double java.lang.invoke.DirectMethodHandle$Holder.invokeSpecial(java.lang.Object, java.lang.Object, long)'> (0x000000062204d998) 
thrown [s\src\hotspot\share\interpreter\linkResolver.cpp, line 804]
Event: 0.121 Thread 0x0000000000614d30 Exception <a 'java/lang/NoSuchMethodError'{0x0000000622070bf0}: 'double java.lang.invoke.DirectMethodHandle$Holder.invokeSpecial(java.lang.Object, java.lang.Object, long, long, long, long)'> (0x0000000622070bf0) 
thrown [s\src\hotspot\share\interpreter\linkResolver.cpp, line 804]

VM Operations (2 events):
Event: 0.047 Executing non-safepoint VM operation: HandshakeAllThreads (Deoptimize)
Event: 0.047 Executing non-safepoint VM operation: HandshakeAllThreads (Deoptimize) done

Memory protections (0 events):
No events

Nmethod flushes (0 events):
No events

Events (11 events):
Event: 0.016 Thread 0x0000000000614d30 Thread added: 0x0000000000614d30
Event: 0.025 Thread 0x0000000000614d30 Thread added: 0x000000001b36a150
Event: 0.025 Thread 0x0000000000614d30 Thread added: 0x000000001b36aa60
Event: 0.025 Thread 0x0000000000614d30 Thread added: 0x000000001b372570
Event: 0.025 Thread 0x0000000000614d30 Thread added: 0x000000001b3752a0
Event: 0.025 Thread 0x0000000000614d30 Thread added: 0x000000001b386370
Event: 0.026 Thread 0x0000000000614d30 Thread added: 0x000000001b386c60
Event: 0.026 Thread 0x0000000000614d30 Thread added: 0x000000001b378db0
Event: 0.026 Thread 0x0000000000614d30 Thread added: 0x000000001b39fac0
Event: 0.034 Thread 0x0000000000614d30 Thread added: 0x0000000028432860
Event: 0.035 Thread 0x0000000000614d30 Thread added: 0x00000000284387e0


Dynamic libraries:
0x00007ff619300000 - 0x00007ff61930e000 	C:\Program Files\Zulu\zulu-25\bin\java.exe
0x00007ffb6f7c0000 - 0x00007ffb6fa27000 	C:\WINDOWS\SYSTEM32\ntdll.dll
0x00007ffb6e810000 - 0x00007ffb6e8db000 	C:\WINDOWS\System32\KERNEL32.DLL
0x00007ffb6ca30000 - 0x00007ffb6ce31000 	C:\WINDOWS\System32\KERNELBASE.dll
0x00007ffb6cfd0000 - 0x00007ffb6d11c000 	C:\WINDOWS\System32\ucrtbase.dll
0x00007ffb44ac0000 - 0x00007ffb44ad7000 	C:\Program Files\Zulu\zulu-25\bin\jli.dll
0x00007ffb44ae0000 - 0x00007ffb44afe000 	C:\Program Files\Zulu\zulu-25\bin\VCRUNTIME140.dll
0x00007ffb6e9c0000 - 0x00007ffb6eb97000 	C:\WINDOWS\System32\USER32.dll
0x00007ffb6ca00000 - 0x00007ffb6ca27000 	C:\WINDOWS\System32\win32u.dll
0x00007ffb6d720000 - 0x00007ffb6d74b000 	C:\WINDOWS\System32\GDI32.dll
0x00007ffb39c60000 - 0x00007ffb39ef0000 	C:\WINDOWS\WinSxS\amd64_microsoft.windows.common-controls_6595b64144ccf1df_6.0.26100.9472_none_3e0da410e32f98dd\COMCTL32.dll
0x00007ffb6d340000 - 0x00007ffb6d468000 	C:\WINDOWS\System32\gdi32full.dll
0x00007ffb6dca0000 - 0x00007ffb6dd49000 	C:\WINDOWS\System32\msvcrt.dll
0x00007ffb6d290000 - 0x00007ffb6d333000 	C:\WINDOWS\System32\msvcp_win.dll
0x00007ffb6dbe0000 - 0x00007ffb6dc11000 	C:\WINDOWS\System32\IMM32.DLL
0x00007ffb1ab30000 - 0x00007ffb1abeb000 	D:\Programs\WorkBuddy\resources\app.asar.unpacked\cli\vendor\sandbox\5.5.5\tsbx.dll
0x00007ffb6ee10000 - 0x00007ffb6ee91000 	C:\WINDOWS\System32\WS2_32.dll
0x00007ffb6eea0000 - 0x00007ffb6efb8000 	C:\WINDOWS\System32\RPCRT4.dll
0x00007ffb6dd80000 - 0x00007ffb6e51e000 	C:\WINDOWS\System32\SHELL32.dll
0x00007ffb6a4e0000 - 0x00007ffb6ad8d000 	C:\WINDOWS\SYSTEM32\windows.storage.dll
0x00007ffb6d850000 - 0x00007ffb6dbda000 	C:\WINDOWS\System32\combase.dll
0x00007ffb6d5f0000 - 0x00007ffb6d6ab000 	C:\WINDOWS\System32\advapi32.dll
0x00007ffb6ed10000 - 0x00007ffb6edb8000 	C:\WINDOWS\System32\sechost.dll
0x00007ffb6d750000 - 0x00007ffb6d84b000 	C:\WINDOWS\System32\SHCORE.dll
0x00007ffb6d6b0000 - 0x00007ffb6d716000 	C:\WINDOWS\System32\shlwapi.dll
0x00007ffb6b0d0000 - 0x00007ffb6b228000 	C:\WINDOWS\SYSTEM32\dnsapi.dll
0x00007ffb6ba60000 - 0x00007ffb6ba6d000 	C:\WINDOWS\SYSTEM32\DSPARSE.dll
0x00007ffb6b090000 - 0x00007ffb6b0c3000 	C:\WINDOWS\SYSTEM32\IPHLPAPI.DLL
0x00007ffb6e530000 - 0x00007ffb6e53a000 	C:\WINDOWS\System32\NSI.dll
0x00007ffb65300000 - 0x00007ffb6542a000 	C:\WINDOWS\SYSTEM32\winhttp.dll
0x00007ffb672f0000 - 0x00007ffb672fc000 	C:\Program Files\Zulu\zulu-25\bin\vcruntime140_1.dll
0x00007ffb1bf10000 - 0x00007ffb1bf9d000 	C:\Program Files\Zulu\zulu-25\bin\msvcp140.dll
0x00007ffab4ec0000 - 0x00007ffab5df8000 	C:\Program Files\Zulu\zulu-25\bin\server\jvm.dll
0x00007ffb6c6a0000 - 0x00007ffb6c6fe000 	C:\WINDOWS\SYSTEM32\POWRPROF.dll
0x00007ffb5dd10000 - 0x00007ffb5dd47000 	C:\WINDOWS\SYSTEM32\WINMM.dll
0x00007ffb65df0000 - 0x00007ffb65dfb000 	C:\WINDOWS\SYSTEM32\VERSION.dll
0x00007ffb6c680000 - 0x00007ffb6c695000 	C:\WINDOWS\SYSTEM32\UMPDC.dll
0x00007ffb6b6d0000 - 0x00007ffb6b6eb000 	C:\WINDOWS\SYSTEM32\kernel.appcore.dll
0x00007ffb47850000 - 0x00007ffb4785a000 	C:\Program Files\Zulu\zulu-25\bin\jimage.dll
0x00007ffb69ea0000 - 0x00007ffb6a0ec000 	C:\WINDOWS\SYSTEM32\DBGHELP.DLL
0x00007ffb6e550000 - 0x00007ffb6e629000 	C:\WINDOWS\System32\OLEAUT32.dll
0x00007ffb529e0000 - 0x00007ffb52a1b000 	C:\WINDOWS\SYSTEM32\dbgcore.DLL
0x00007ffb6d1e0000 - 0x00007ffb6d28c000 	C:\WINDOWS\System32\bcryptPrimitives.dll
0x00007ffb3cba0000 - 0x00007ffb3cbbe000 	C:\Program Files\Zulu\zulu-25\bin\java.dll
0x00007ffb6f560000 - 0x00007ffb6f6fa000 	C:\WINDOWS\System32\ole32.dll
0x00007ffb6c920000 - 0x00007ffb6c949000 	C:\WINDOWS\SYSTEM32\profapi.dll
0x00007ffb44cf0000 - 0x00007ffb44d00000 	C:\Program Files\Zulu\zulu-25\bin\net.dll
0x00007ffb6bc40000 - 0x00007ffb6bcac000 	C:\WINDOWS\system32\mswsock.dll
0x00007ffb3cb80000 - 0x00007ffb3cb96000 	C:\Program Files\Zulu\zulu-25\bin\nio.dll
0x00007ffb3cae0000 - 0x00007ffb3caf7000 	C:\Program Files\Zulu\zulu-25\bin\zip.dll
0x00007ffaf6c80000 - 0x00007ffaf6cf0000 	F:\Projects\Toterra-Repo\Subterra\subterra-engine\src\main\resources\tie\subterra_density.dll

JVMTI agents: none

dbghelp: loaded successfully - version: 4.0.5 - missing functions: none
symbol engine: initialized successfully - sym options: 0x614 - pdb path: .;C:\Program Files\Zulu\zulu-25\bin;C:\WINDOWS\SYSTEM32;C:\WINDOWS\WinSxS\amd64_microsoft.windows.common-controls_6595b64144ccf1df_6.0.26100.9472_none_3e0da410e32f98dd;D:\Programs\WorkBuddy\resources\app.asar.unpacked\cli\vendor\sandbox\5.5.5;C:\Program Files\Zulu\zulu-25\bin\server;F:\Projects\Toterra-Repo\Subterra\subterra-engine\src\main\resources\tie

VM Arguments:
jvm_args: -Dsubterra.tie.lib=F:\Projects\Toterra-Repo\Subterra\subterra-engine\src\main\resources\tie\subterra_density.dll --enable-native-access=ALL-UNNAMED -Dfile.encoding=UTF-8 -Duser.country=CN -Duser.language=zh -Duser.variant 
java_command: io.toterra.subterra.probes.TempBridgeScan
java_class_path (initial): F:\Projects\Toterra-Repo\Subterra\subterra-devkit\build\classes\java\main;F:\Projects\Toterra-Repo\Subterra\subterra-devkit\build\resources\main;F:\Projects\Toterra-Repo\Subterra\build\classes\java\main;F:\Projects\Toterra-Repo\Subterra\build\resources\main;F:\Projects\Toterra-Repo\Subterra\subterra-tie\build\libs\subterra-tie-p.2.0.12.jar;F:\Projects\Toterra-Repo\Subterra\samples\overturn-minimal\build\libs\overturn-minimal-p.2.0.12.jar;F:\Projects\Toterra-Repo\Subterra\subterra-engine\build\libs\subterra-engine-p.2.0.12.jar;F:\Projects\Toterra-Repo\Subterra\subterra-migrate\build\libs\subterra-migrate-p.2.0.12.jar;F:\Projects\Toterra-Repo\Subterra\subterra-api\build\libs\subterra-api-p.2.0.12.jar
Launcher Type: SUN_STANDARD

[Global flags]
     intx CICompilerCount                          = 4                                         {product} {ergonomic}
     uint ConcGCThreads                            = 3                                         {product} {ergonomic}
     uint G1ConcRefinementThreads                  = 10                                        {product} {ergonomic}
   size_t G1HeapRegionSize                         = 4194304                                   {product} {ergonomic}
   size_t InitialHeapSize                          = 536870912                                 {product} {ergonomic}
   size_t MarkStackSize                            = 4194304                                   {product} {ergonomic}
   size_t MarkStackSizeMax                         = 536870912                                 {product} {ergonomic}
   size_t MaxHeapSize                              = 8543797248                                {product} {ergonomic}
   size_t MaxNewSize                               = 5125439488                                {product} {ergonomic}
   size_t MinHeapDeltaBytes                        = 4194304                                   {product} {ergonomic}
   size_t MinHeapSize                              = 8388608                                   {product} {ergonomic}
    uintx NonNMethodCodeHeapSize                   = 5832704                                {pd product} {ergonomic}
    uintx NonProfiledCodeHeapSize                  = 122945536                              {pd product} {ergonomic}
    uintx ProfiledCodeHeapSize                     = 122880000                              {pd product} {ergonomic}
    uintx ReservedCodeCacheSize                    = 251658240                              {pd product} {ergonomic}
     bool SegmentedCodeCache                       = true                                      {product} {ergonomic}
   size_t SoftMaxHeapSize                          = 8543797248                             {manageable} {ergonomic}
     bool UseCompressedOops                        = true                           {product lp64_product} {ergonomic}
     bool UseG1GC                                  = true                                      {product} {ergonomic}
     bool UseLargePagesIndividualAllocation        = false                                  {pd product} {ergonomic}

Logging:
Log output configuration:
 #0: stdout all=warning uptime,level,tags foldmultilines=false
 #1: stderr all=off uptime,level,tags foldmultilines=false

Release file:
<release file has not been read>
Environment Variables:
JAVA_HOME=C:\Program Files\Zulu\zulu-25\
PATH=C:\Users\Jiro\.workbuddy\binaries\PortableGit\versions\1.2.0\usr\bin;C:\Users\Jiro\.workbuddy\binaries\PortableGit\versions\1.2.0\usr\bin;C:\Windows\System32;D;F:\Programs\WorkBuddy\resources\app.asar.unpacked\cli\vendor\shim\safe-bin;C:\Users\Jiro\.workbuddy\binaries\node\versions\22.22.2-3;C:\Users\Jiro\.workbuddy\binaries\node\versions\.locks;C:\Users\Jiro\.workbuddy\binaries\python\versions\3.13.12;C:\Users\Jiro\.workbuddy\binaries\python\versions\.locks;C:\Users\Jiro\.workbuddy\binaries\node\cli-connector-packages;C:\Users\Jiro\.workbuddy\binaries\python\envs\default\Scripts;D;F:\Programs\WorkBuddy\resources\app.asar.unpacked\cli\vendor\shim\safe-bin;C:\Users\Jiro\.workbuddy\binaries\node\versions\22.22.2-3;C:\Users\Jiro\.workbuddy\binaries\node\versions\.locks;C:\Program Files\Zulu\zulu-25\bin;C:\Program Files\Python313\Scripts;C:\Program Files\Python313;D:\Programs\VMWare17\bin;C:\Python312\Scripts;C:\Python312;C:\Windows\System32\wbem;D:\Programs\zuluJDK\Java11\JDK11\bin;D:\Programs\zuluJDK\Java17\JDK17\bin;D:\Programs\zuluJDK\Java8\JDK8\bin;D:\Programs\zuluJDK\Java21\JDK21\bin;C:\Windows\System32;C:\Windows;C:\Windows\System32\WindowsPowerShell\v1.0;C:\Windows\System32\OpenSSH;C:\Program Files\dotnet;C:\Users\Jiro\AppData\Local\Microsoft\WindowsApps;C:\Users\Jiro\AppData\Roaming\npm;C:\Program Files (x86)\NVIDIA Corporation\PhysX\Common;C:\Program Files\Microsoft SQL Server\150\Tools\Binn;C:\Program Files\Microsoft SQL Server\Client SDK\ODBC\170\Tools\Binn;C:\Users\Jiro\Desktop\Z#\bin\Debug\net8.0;C:\Program Files\WireGuard;C:\Program Files\CMake\bin;D:\Programs\PuTTY;C:\Program Files\NVIDIA Corporation\NVIDIA app\NvDLISR;D:\Programs\nodeJs;D:\Programs\Git\cmd;C:\Program Files\Git\cmd;C:\Program Files (x86)\Windows Kits\10\Windows Performance Toolkit;D:\LLVM\bin;C:\Program Files\Microsoft SQL Server\170\Tools\Binn;C:\Program Files (x86)\IncrediBuild;C:\WINDOWS\system32;C:\WINDOWS;C:\WINDOWS\System32\Wbem;C:\WINDOWS\System32\WindowsPowerShell\v1.0;C:\WINDOWS\System32\OpenSSH;C:\Program Files\GitHub CLI;C:\Program Files\Go\bin;C:\Strawberry\c\bin;C:\Strawberry\perl\site\bin;C:\Strawberry\perl\bin;C:\Program Files\PowerShell\7;C:\Ruby32-x64\bin;D:\Programs\nodeJs24;C:\Users\Jiro\.cargo\bin;D:\Programs\Trae\Trae CN\bin;C:\Users\Jiro\AppData\Local\Microsoft\WindowsApps;C:\Users\Jiro\.dotnet\tools;C:\Users\Jiro\Desktop\Z#\bin\Debug\net8.0;D:\IDEA Community\bin;C:\Users\Jiro\AppData\Local\GitHubDesktop\bin;D:\Programs\JetBrains Rider 2024.2.7\bin;D:\Programs\Microsoft VS Code\bin;C:\Users\Jiro\AppData\Roaming\npm;E:\Programs\Wind\bin;D:\Programs\RustRover 2025.2.4\bin;C:\Users\Jiro\.bun\bin;C:\Users\Jiro\.opencode\bin;C:\Users\Jiro\AppData\Local\Temp\fptp-silent-install;C:\Users\Jiro\AppData\Local\Microsoft\WindowsApps;C:\Users\Jiro\AppData\Local\Microsoft\WinGet\Links;C:\Users\Jiro\AppData\Local\Programs\Lua\bin;C:\Users\Jiro\go\bin;C:\Users\Jiro\AppData\Local\Microsoft\WinGet\Packages\Google.DartSDK_Microsoft.Winget.Source_8wekyb3d8bbwe\dart-sdk\bin;C:\Users\Jiro\AppData\Local\Programs\Crystal;C:\Users\Jiro\AppData\Local\Microsoft\WinGet\Packages\odin-lang.Odin_Microsoft.Winget.Source_8wekyb3d8bbwe\dist;F:\Projects\tie-repo\tshell
USERNAME=Jiro
LANG=en_US.UTF-8
LC_ALL=C.UTF-8
TERM=dumb
TMPDIR=C:\Users\Jiro\AppData\Local\Temp
OS=Windows_NT
PROCESSOR_IDENTIFIER=Intel64 Family 6 Model 151 Stepping 2, GenuineIntel
TMP=C:\Users\Jiro\AppData\Local\Temp
TEMP=C:\Users\Jiro\AppData\Local\Temp




Compilation memory statistics disabled.

Periodic native trim disabled

---------------  S Y S T E M  ---------------

OS:
 Windows 11 , 64 bit Build 26100 (10.0.26100.9472)
OS uptime: 0 days 3:47 hours
Hyper-V role detected

CPU: total 12 (initial active 12) (6 cores per cpu, 2 threads per core) family 6 model 151 stepping 2 microcode 0x34, cx8, cmov, fxsr, ht, mmx, 3dnowpref, sse, sse2, sse3, ssse3, sse4.1, sse4.2, popcnt, lzcnt, tsc, tscinvbit, avx, avx2, aes, erms, clmul, bmi1, bmi2, adx, sha, fma, vzeroupper, clflush, clflushopt, clwb, hv, serialize, rdtscp, rdpid, fsrm, gfni, f16c, cet_ibt, cet_ss
Processor Information for the first 12 processors :
  Max Mhz: 3000, Current Mhz: 3000, Mhz Limit: 3000

Memory: 4k page, system-wide physical 32580M (22035M free)
TotalPageFile size 47428M (AvailPageFile size 23637M)
current process WorkingSet (physical memory assigned to process): 60M, peak: 60M
current process commit charge ("private bytes"): 622M, peak: 622M

vm_info: OpenJDK 64-Bit Server VM (25.0.2+10-LTS) for windows-amd64 JRE (25.0.2+10-LTS) (Zulu25.32+21-CA), built on 2026-01-23T18:28:30Z with MS VC++ 17.1 (VS2022)

END.
